2025-11-10 01:13:14,230 - INFO - Log file: logs/run_20251110_011314.log
2025-11-10 01:13:14,231 - INFO - ======================================================================
2025-11-10 01:13:14,231 - INFO -   LIGHTGBM WORKFLOW - 2025-11-10 01:13:14
2025-11-10 01:13:14,231 - INFO - ======================================================================
2025-11-10 01:13:14,231 - INFO - Experiment: semillerio_optuna
2025-11-10 01:13:14,231 - INFO - Seed: 102191
2025-11-10 01:13:14,231 - INFO - Loading featured data from parquet file
2025-11-10 01:18:54,460 - INFO - Loaded featured data: 4717958 rows, 1708 columns
2025-11-10 01:18:54,460 - INFO - ======================================================================
2025-11-10 01:18:54,460 - INFO -   STEP 4: RANDOM FOREST LEAF FEATURES
2025-11-10 01:18:54,460 - INFO - ======================================================================
2025-11-10 01:22:11,926 - INFO - ======================================================================
2025-11-10 01:22:11,926 - INFO -   STEP 5: PREPARE TRAINING DATA
2025-11-10 01:22:11,926 - INFO - ======================================================================
2025-11-10 01:22:11,926 - INFO - Total features: 2025
2025-11-10 01:22:11,926 - INFO - Preparing training data...
2025-11-10 01:22:14,149 - INFO - Training samples: 215635
2025-11-10 01:22:14,149 - INFO - ======================================================================
2025-11-10 01:22:14,149 - INFO -   STEP 6: BAYESIAN OPTIMIZATION WITH OPTUNA
2025-11-10 01:22:14,149 - INFO - ======================================================================
2025-11-10 01:22:14,149 - INFO - Starting Bayesian optimization...
2025-11-10 01:43:05,161 - INFO - Best parameters found: {'num_iterations': 293, 'learning_rate': 0.07864082849058271, 'feature_fraction': 0.3929018902664834, 'min_data_in_leaf': 15, 'num_leaves': 6}
2025-11-10 01:43:05,161 - INFO - ======================================================================
2025-11-10 01:43:05,161 - INFO -   STEP 7: TRAIN FINAL ENSEMBLE
2025-11-10 01:43:05,161 - INFO - ======================================================================
2025-11-10 01:43:05,161 - INFO - Training final ensemble models...
2025-11-10 02:03:51,752 - INFO - Final models trained successfully
2025-11-10 02:03:51,752 - INFO - ======================================================================
2025-11-10 02:03:51,752 - INFO -   STEP 8: SCORE FUTURE DATA
2025-11-10 02:03:51,752 - INFO - ======================================================================
2025-11-10 02:03:51,752 - INFO - Scoring future data...
2025-11-10 02:04:05,742 - INFO - Scored 164313 predictions
2025-11-10 02:04:05,742 - INFO - ======================================================================
2025-11-10 02:04:05,742 - INFO -   STEP 9: GENERATE KAGGLE SUBMISSION
2025-11-10 02:04:05,742 - INFO - ======================================================================
2025-11-10 02:04:05,742 - INFO - Generating Kaggle submission...
2025-11-10 02:04:05,867 - INFO - Submission file: kaggle/KAsemillerio_optuna_11000.csv
2025-11-10 02:04:05,867 - INFO - ======================================================================
2025-11-10 02:04:05,867 - INFO -   STEP 10: GAIN CURVE ANALYSIS
2025-11-10 02:04:05,867 - INFO - ======================================================================
2025-11-10 02:04:05,867 - INFO - Creating gain curve analysis...
2025-11-10 02:04:08,110 - INFO - Gain curve analysis complete
2025-11-10 02:04:08,111 - INFO - Creating ensemble gain curve...
2025-11-10 02:04:10,200 - INFO - Ensemble gain curve complete
2025-11-10 02:04:10,200 - INFO - ======================================================================
2025-11-10 02:04:10,200 - INFO -   WORKFLOW COMPLETED SUCCESSFULLY
2025-11-10 02:04:10,200 - INFO - ======================================================================
2025-11-10 02:04:10,200 - INFO - Total execution time: 00h 50m 55s
2025-11-10 02:04:10,200 - INFO - Experiment: semillerio_optuna
2025-11-10 02:04:10,200 - INFO - All output files saved successfully
2025-11-10 02:04:10,200 - INFO - ======================================================================
2025-11-10 02:04:10,200 - INFO - WORKFLOW COMPLETED SUCCESSFULLY
2025-11-10 02:04:10,200 - INFO - ======================================================================
