2025-11-16 22:35:28,395 - INFO - Log file: logs/run_zlgbm_20251116_223528.log
2025-11-16 22:35:28,396 - INFO - ======================================================================
2025-11-16 22:35:28,396 - INFO -   zLightGBM WORKFLOW - 2025-11-16 22:35:28
2025-11-16 22:35:28,396 - INFO - ======================================================================
2025-11-16 22:35:28,396 - INFO - ======================================================================
2025-11-16 22:35:28,396 - INFO - EXPERIMENT CONFIGURATION
2025-11-16 22:35:28,396 - INFO - ======================================================================
2025-11-16 22:35:28,396 - INFO - Experiment: comp2_entrega3_202108_under0.1_zlgbm
2025-11-16 22:35:28,396 - INFO - Seed: 123479
2025-11-16 22:35:28,396 - INFO - Mode: zLightGBM (no Bayesian Optimization)
2025-11-16 22:35:28,396 - INFO - 
2025-11-16 22:35:28,396 - INFO - Training Strategy:
2025-11-16 22:35:28,396 - INFO -   Training months: [201901, 201902, 201903, 201904, 201906, 201907, 201908, 201909, 201911, 201912, 202001, 202002, 202003, 202004, 202005, 202007, 202008, 202009, 202010, 202011, 202012, 202101, 202102, 202103, 202104, 202105, 202106]
2025-11-16 22:35:28,396 - INFO -   Future months: [202108]
2025-11-16 22:35:28,396 - INFO -   Undersampling: 0.1 (10%)
2025-11-16 22:35:28,396 - INFO -   Models in ensemble: 1
2025-11-16 22:35:28,396 - INFO - 
2025-11-16 22:35:28,396 - INFO - zLightGBM Parameters:
2025-11-16 22:35:28,396 - INFO -   Canaries: 5
2025-11-16 22:35:28,396 - INFO -   gradient_bound: 0.1
2025-11-16 22:35:28,396 - INFO -   learning_rate: 1.0
2025-11-16 22:35:28,396 - INFO -   feature_fraction: 0.5
2025-11-16 22:35:28,396 - INFO -   min_data_in_leaf: 20
2025-11-16 22:35:28,396 - INFO -   max_bin: 31
2025-11-16 22:35:28,396 - INFO -   num_iterations (max): 9999
2025-11-16 22:35:28,397 - INFO -   num_leaves (max): 999
2025-11-16 22:35:28,397 - INFO - ======================================================================
2025-11-16 22:35:28,488 - INFO - 
2025-11-16 22:35:28,488 - INFO - Bucket Configuration:
2025-11-16 22:35:28,488 - INFO -   Enabled: Yes
2025-11-16 22:35:28,488 - INFO -   Path: /home/rstevenmartins/buckets/b1/exp
2025-11-16 22:35:28,488 - INFO -   Exists: True
2025-11-16 22:35:28,488 - INFO - ======================================================================
2025-11-16 22:35:28,488 - INFO -   STEP 1: LOAD PREPROCESSED DATA
2025-11-16 22:35:28,488 - INFO - ======================================================================
2025-11-16 22:35:37,719 - INFO - Loaded data: 4,301,644 rows, 2,750 columns
2025-11-16 22:35:37,720 - INFO - Columns: 2750
2025-11-16 22:35:38,343 - INFO - Month distribution:
2025-11-16 22:35:38,343 - INFO -   201901: 124,273 records
2025-11-16 22:35:38,343 - INFO -   201902: 125,401 records
2025-11-16 22:35:38,343 - INFO -   201903: 125,967 records
2025-11-16 22:35:38,343 - INFO -   201904: 126,538 records
2025-11-16 22:35:38,343 - INFO -   201906: 128,734 records
2025-11-16 22:35:38,343 - INFO -   201907: 130,268 records
2025-11-16 22:35:38,343 - INFO -   201908: 132,143 records
2025-11-16 22:35:38,343 - INFO -   201909: 133,757 records
2025-11-16 22:35:38,343 - INFO -   201911: 137,996 records
2025-11-16 22:35:38,343 - INFO -   201912: 139,980 records
2025-11-16 22:35:38,343 - INFO -   202001: 143,464 records
2025-11-16 22:35:38,343 - INFO -   202002: 146,660 records
2025-11-16 22:35:38,344 - INFO -   202003: 148,798 records
2025-11-16 22:35:38,344 - INFO -   202004: 149,350 records
2025-11-16 22:35:38,344 - INFO -   202005: 150,792 records
2025-11-16 22:35:38,344 - INFO -   202007: 154,984 records
2025-11-16 22:35:38,344 - INFO -   202008: 156,461 records
2025-11-16 22:35:38,344 - INFO -   202009: 157,805 records
2025-11-16 22:35:38,344 - INFO -   202010: 159,169 records
2025-11-16 22:35:38,344 - INFO -   202011: 160,250 records
2025-11-16 22:35:38,344 - INFO -   202012: 160,997 records
2025-11-16 22:35:38,344 - INFO -   202101: 161,527 records
2025-11-16 22:35:38,344 - INFO -   202102: 162,155 records
2025-11-16 22:35:38,344 - INFO -   202103: 163,109 records
2025-11-16 22:35:38,344 - INFO -   202104: 163,418 records
2025-11-16 22:35:38,344 - INFO -   202105: 163,917 records
2025-11-16 22:35:38,344 - INFO -   202106: 164,313 records
2025-11-16 22:35:38,344 - INFO -   202107: 164,596 records
2025-11-16 22:35:38,344 - INFO -   202108: 164,822 records
2025-11-16 22:35:38,344 - INFO - ======================================================================
2025-11-16 22:35:38,344 - INFO -   STEP 2: ADD CANARY FEATURES
2025-11-16 22:35:38,344 - INFO - ======================================================================
2025-11-16 22:35:38,687 - INFO - Added 5 canaries
2025-11-16 22:35:38,687 - INFO - ======================================================================
2025-11-16 22:35:38,687 - INFO -   STEP 3: PREPARE FEATURES
2025-11-16 22:35:38,687 - INFO - ======================================================================
2025-11-16 22:35:38,688 - INFO - Total features: 2,752
2025-11-16 22:35:38,688 - INFO -   Canaries: 5
2025-11-16 22:35:38,688 - INFO -   Real features: 2,747
2025-11-16 22:35:38,688 - INFO -   First 5 features: ['canarito_1', 'canarito_2', 'canarito_3', 'canarito_4', 'canarito_5']
2025-11-16 22:35:38,688 - INFO -   Last 5 features: ['rf_012_006', 'rf_006_012', 'rf_018_008', 'rf_004_009', 'rf_007_013']
2025-11-16 22:35:38,688 - INFO - ======================================================================
2025-11-16 22:35:38,688 - INFO -   STEP 4: TRAIN zLightGBM MODEL
2025-11-16 22:35:38,688 - INFO - ======================================================================
2025-11-16 22:35:38,688 - INFO - Training zLightGBM model...
2025-11-16 22:35:38,688 - INFO - Training months: [201901, 201902, 201903, 201904, 201906, 201907, 201908, 201909, 201911, 201912, 202001, 202002, 202003, 202004, 202005, 202007, 202008, 202009, 202010, 202011, 202012, 202101, 202102, 202103, 202104, 202105, 202106]
2025-11-16 22:35:38,689 - INFO - Undersampling: 0.1
2025-11-16 23:30:55,718 - INFO - Model trained successfully
2025-11-16 23:30:55,718 - INFO - ======================================================================
2025-11-16 23:30:55,718 - INFO -   STEP 5: SCORE FUTURE DATA
2025-11-16 23:30:55,718 - INFO - ======================================================================
2025-11-16 23:30:55,718 - INFO - Scoring future data...
2025-11-16 23:30:55,718 - INFO - Future months: [202108]
2025-11-16 23:31:03,004 - INFO - Scored 164,822 predictions
2025-11-16 23:31:03,004 - INFO - Prediction stats:
2025-11-16 23:31:03,004 - INFO -   Min prob: 0.000000
2025-11-16 23:31:03,005 - INFO -   Max prob: 0.999999
2025-11-16 23:31:03,005 - INFO -   Mean prob: 0.022889
2025-11-16 23:31:03,006 - INFO -   Median prob: 0.000001
2025-11-16 23:31:03,006 - INFO - ======================================================================
2025-11-16 23:31:03,006 - INFO -   STEP 6: GENERATE KAGGLE SUBMISSION
2025-11-16 23:31:03,006 - INFO - ======================================================================
2025-11-16 23:31:03,006 - INFO - Generating Kaggle submission...
2025-11-16 23:31:03,006 - INFO - Cutoff: 11,000 envíos
2025-11-16 23:31:03,025 - INFO - Submission file: output/kaggle/KAcomp2_entrega3_202108_under0.1_zlgbm_11000.csv
2025-11-16 23:31:03,025 - INFO - ======================================================================
2025-11-16 23:31:03,025 - INFO -   STEP 7: SYNC TO BUCKET
2025-11-16 23:31:03,025 - INFO - ======================================================================
2025-11-16 23:31:03,025 - INFO - Syncing outputs to bucket...
2025-11-16 23:31:03,025 - INFO - ======================================================================
2025-11-16 23:31:03,025 - INFO - SYNCING TO BUCKET
2025-11-16 23:31:03,025 - INFO - ======================================================================
2025-11-16 23:31:08,426 - INFO - ✓ Copied to bucket: output/comp2_entrega3_202108_under0.1_zlgbm → /home/rstevenmartins/buckets/b1/exp/comp2_entrega3_202108_under0.1_zlgbm
2025-11-16 23:31:08,426 - INFO - ======================================================================
2025-11-16 23:31:08,426 - INFO - BUCKET SYNC COMPLETE
2025-11-16 23:31:08,426 - INFO - ======================================================================
2025-11-16 23:31:08,426 - INFO - Bucket sync complete
2025-11-16 23:31:08,426 - INFO - ======================================================================
2025-11-16 23:31:08,426 - INFO -   zLightGBM WORKFLOW COMPLETED SUCCESSFULLY
2025-11-16 23:31:08,426 - INFO - ======================================================================
2025-11-16 23:31:08,426 - INFO - Total execution time: 00h 55m 40s
2025-11-16 23:31:08,426 - INFO - Experiment: comp2_entrega3_202108_under0.1_zlgbm
2025-11-16 23:31:08,427 - INFO - All output files saved successfully
2025-11-16 23:31:08,427 - INFO - ======================================================================
2025-11-16 23:31:08,427 - INFO - zLightGBM WORKFLOW COMPLETED SUCCESSFULLY
2025-11-16 23:31:08,427 - INFO - ======================================================================
