2025-11-09 20:30:47,315 - INFO - Log file: logs/run_20251109_203047.log
2025-11-09 20:30:47,315 - INFO - ======================================================================
2025-11-09 20:30:47,315 - INFO -   LIGHTGBM WORKFLOW - 2025-11-09 20:30:47
2025-11-09 20:30:47,315 - INFO - ======================================================================
2025-11-09 20:30:47,315 - INFO - Experiment: seg-001
2025-11-09 20:30:47,315 - INFO - Seed: 102191
2025-11-09 20:30:47,315 - INFO - Loading featured data from parquet file
2025-11-09 20:36:38,371 - INFO - Loaded featured data: 4717958 rows, 1708 columns
2025-11-09 20:36:38,371 - INFO - ======================================================================
2025-11-09 20:36:38,372 - INFO -   STEP 4: RANDOM FOREST LEAF FEATURES
2025-11-09 20:36:38,372 - INFO - ======================================================================
2025-11-09 20:37:42,233 - INFO - ======================================================================
2025-11-09 20:37:42,233 - INFO -   STEP 5: PREPARE TRAINING DATA
2025-11-09 20:37:42,233 - INFO - ======================================================================
2025-11-09 20:37:42,234 - INFO - Total features: 2025
2025-11-09 20:37:42,234 - INFO - Preparing training data...
2025-11-09 20:37:44,403 - INFO - Training samples: 215635
2025-11-09 20:37:44,403 - INFO - ======================================================================
2025-11-09 20:37:44,403 - INFO -   STEP 6: BAYESIAN OPTIMIZATION WITH OPTUNA
2025-11-09 20:37:44,403 - INFO - ======================================================================
2025-11-09 20:37:44,403 - INFO - Starting Bayesian optimization...
2025-11-09 21:18:14,509 - INFO - Best parameters found: {'num_iterations': 1428, 'learning_rate': 0.031804854449677546, 'feature_fraction': 0.22557163689210963, 'min_data_in_leaf': 12, 'num_leaves': 476}
2025-11-09 21:18:14,509 - INFO - ======================================================================
2025-11-09 21:18:14,509 - INFO -   STEP 7: TRAIN FINAL ENSEMBLE
2025-11-09 21:18:14,509 - INFO - ======================================================================
2025-11-09 21:18:14,509 - INFO - Training final ensemble models...
2025-11-09 23:12:19,371 - INFO - Final models trained successfully
2025-11-09 23:12:19,371 - INFO - ======================================================================
2025-11-09 23:12:19,371 - INFO -   STEP 8: SCORE FUTURE DATA
2025-11-09 23:12:19,371 - INFO - ======================================================================
2025-11-09 23:12:19,371 - INFO - Scoring future data...
2025-11-09 23:14:04,134 - INFO - Scored 164313 predictions
2025-11-09 23:14:04,135 - INFO - ======================================================================
2025-11-09 23:14:04,135 - INFO -   STEP 9: GENERATE KAGGLE SUBMISSION
2025-11-09 23:14:04,135 - INFO - ======================================================================
2025-11-09 23:14:04,135 - INFO - Generating Kaggle submission...
2025-11-09 23:14:04,355 - INFO - Submission file: kaggle/KAseg-001_11000.csv
2025-11-09 23:14:04,355 - INFO - ======================================================================
2025-11-09 23:14:04,356 - INFO -   STEP 10: GAIN CURVE ANALYSIS
2025-11-09 23:14:04,356 - INFO - ======================================================================
2025-11-09 23:14:04,356 - INFO - Creating gain curve analysis...
2025-11-09 23:14:06,990 - INFO - Gain curve analysis complete
2025-11-09 23:14:06,991 - INFO - ======================================================================
2025-11-09 23:14:06,991 - INFO -   WORKFLOW COMPLETED SUCCESSFULLY
2025-11-09 23:14:06,991 - INFO - ======================================================================
2025-11-09 23:14:06,991 - INFO - Total execution time: 02h 43m 19s
2025-11-09 23:14:06,991 - INFO - Experiment: seg-001
2025-11-09 23:14:06,991 - INFO - All output files saved successfully
2025-11-09 23:14:06,991 - INFO - ======================================================================
2025-11-09 23:14:06,991 - INFO - WORKFLOW COMPLETED SUCCESSFULLY
2025-11-09 23:14:06,991 - INFO - ======================================================================
