2025-11-14 00:46:08,313 - INFO - Log file: logs/run_zlgbm_20251114_004608.log
2025-11-14 00:46:08,313 - INFO - ======================================================================
2025-11-14 00:46:08,313 - INFO -   zLightGBM WORKFLOW - 2025-11-14 00:46:08
2025-11-14 00:46:08,313 - INFO - ======================================================================
2025-11-14 00:46:08,313 - INFO - ======================================================================
2025-11-14 00:46:08,313 - INFO - EXPERIMENT CONFIGURATION
2025-11-14 00:46:08,313 - INFO - ======================================================================
2025-11-14 00:46:08,313 - INFO - Experiment: zlgbm_test_2_zlgbm
2025-11-14 00:46:08,313 - INFO - Seed: 102191
2025-11-14 00:46:08,313 - INFO - Mode: zLightGBM (no Bayesian Optimization)
2025-11-14 00:46:08,313 - INFO - 
2025-11-14 00:46:08,313 - INFO - Training Strategy:
2025-11-14 00:46:08,313 - INFO -   Training months: [201901]
2025-11-14 00:46:08,313 - INFO -   Future months: [202106]
2025-11-14 00:46:08,313 - INFO -   Undersampling: 0.1 (10%)
2025-11-14 00:46:08,313 - INFO -   Models in ensemble: 1
2025-11-14 00:46:08,313 - INFO - 
2025-11-14 00:46:08,313 - INFO - zLightGBM Parameters:
2025-11-14 00:46:08,313 - INFO -   Canaries: 50
2025-11-14 00:46:08,313 - INFO -   gradient_bound: 0.1
2025-11-14 00:46:08,313 - INFO -   learning_rate: 1.0
2025-11-14 00:46:08,313 - INFO -   feature_fraction: 0.5
2025-11-14 00:46:08,313 - INFO -   min_data_in_leaf: 20
2025-11-14 00:46:08,313 - INFO -   max_bin: 31
2025-11-14 00:46:08,313 - INFO -   num_iterations (max): 9999
2025-11-14 00:46:08,313 - INFO -   num_leaves (max): 999
2025-11-14 00:46:08,313 - INFO - ======================================================================
2025-11-14 00:46:08,314 - INFO - 
2025-11-14 00:46:08,314 - INFO - Bucket Configuration:
2025-11-14 00:46:08,314 - INFO -   Enabled: Yes
2025-11-14 00:46:08,314 - INFO -   Path: /home/rstevenmartins/buckets/b1
2025-11-14 00:46:08,314 - INFO -   Exists: True
2025-11-14 00:46:08,314 - INFO - ======================================================================
2025-11-14 00:46:08,314 - INFO -   STEP 1: LOAD PREPROCESSED DATA
2025-11-14 00:46:08,314 - INFO - ======================================================================
2025-11-14 00:46:12,659 - INFO - Loaded data: 4,717,958 rows, 2,028 columns
2025-11-14 00:46:12,659 - INFO - Columns: 2028
2025-11-14 00:46:12,901 - INFO - Month distribution:
2025-11-14 00:46:12,901 - INFO -   201901: 124,273 records
2025-11-14 00:46:12,901 - INFO -   201902: 125,401 records
2025-11-14 00:46:12,901 - INFO -   201903: 125,967 records
2025-11-14 00:46:12,901 - INFO -   201904: 126,538 records
2025-11-14 00:46:12,901 - INFO -   201905: 127,202 records
2025-11-14 00:46:12,901 - INFO -   201906: 128,734 records
2025-11-14 00:46:12,901 - INFO -   201907: 130,268 records
2025-11-14 00:46:12,901 - INFO -   201908: 132,143 records
2025-11-14 00:46:12,901 - INFO -   201909: 133,757 records
2025-11-14 00:46:12,901 - INFO -   201910: 136,010 records
2025-11-14 00:46:12,901 - INFO -   201911: 137,996 records
2025-11-14 00:46:12,901 - INFO -   201912: 139,980 records
2025-11-14 00:46:12,901 - INFO -   202001: 143,464 records
2025-11-14 00:46:12,901 - INFO -   202002: 146,660 records
2025-11-14 00:46:12,901 - INFO -   202003: 148,798 records
2025-11-14 00:46:12,901 - INFO -   202004: 149,350 records
2025-11-14 00:46:12,901 - INFO -   202005: 150,792 records
2025-11-14 00:46:12,901 - INFO -   202006: 153,102 records
2025-11-14 00:46:12,901 - INFO -   202007: 154,984 records
2025-11-14 00:46:12,901 - INFO -   202008: 156,461 records
2025-11-14 00:46:12,901 - INFO -   202009: 157,805 records
2025-11-14 00:46:12,901 - INFO -   202010: 159,169 records
2025-11-14 00:46:12,901 - INFO -   202011: 160,250 records
2025-11-14 00:46:12,901 - INFO -   202012: 160,997 records
2025-11-14 00:46:12,901 - INFO -   202101: 161,527 records
2025-11-14 00:46:12,901 - INFO -   202102: 162,155 records
2025-11-14 00:46:12,901 - INFO -   202103: 163,109 records
2025-11-14 00:46:12,901 - INFO -   202104: 163,418 records
2025-11-14 00:46:12,902 - INFO -   202105: 163,917 records
2025-11-14 00:46:12,902 - INFO -   202106: 164,313 records
2025-11-14 00:46:12,902 - INFO -   202107: 164,596 records
2025-11-14 00:46:12,902 - INFO -   202108: 164,822 records
2025-11-14 00:46:12,902 - INFO - ======================================================================
2025-11-14 00:46:12,902 - INFO -   STEP 2: ADD CANARY FEATURES
2025-11-14 00:46:12,902 - INFO - ======================================================================
2025-11-14 00:46:14,800 - INFO - Added 50 canaries
2025-11-14 00:46:14,800 - INFO - ======================================================================
2025-11-14 00:46:14,800 - INFO -   STEP 3: PREPARE FEATURES
2025-11-14 00:46:14,800 - INFO - ======================================================================
2025-11-14 00:46:14,801 - INFO - Total features: 2,075
2025-11-14 00:46:14,801 - INFO -   Canaries: 50
2025-11-14 00:46:14,801 - INFO -   Real features: 2,025
2025-11-14 00:46:14,801 - INFO -   First 5 features: ['canarito_1', 'canarito_2', 'canarito_3', 'canarito_4', 'canarito_5']
2025-11-14 00:46:14,801 - INFO -   Last 5 features: ['rf_015_015', 'rf_018_000', 'rf_018_005', 'rf_010_004', 'rf_018_004']
2025-11-14 00:46:14,801 - INFO - ======================================================================
2025-11-14 00:46:14,801 - INFO -   STEP 4: TRAIN zLightGBM MODEL
2025-11-14 00:46:14,801 - INFO - ======================================================================
2025-11-14 00:46:14,801 - INFO - Training zLightGBM model...
2025-11-14 00:46:14,801 - INFO - Training months: [201901]
2025-11-14 00:46:14,801 - INFO - Undersampling: 0.1
2025-11-14 00:46:32,249 - INFO - Model trained successfully
2025-11-14 00:46:32,249 - INFO - ======================================================================
2025-11-14 00:46:32,249 - INFO -   STEP 5: SCORE FUTURE DATA
2025-11-14 00:46:32,249 - INFO - ======================================================================
2025-11-14 00:46:32,249 - INFO - Scoring future data...
2025-11-14 00:46:32,249 - INFO - Future months: [202106]
2025-11-14 00:46:33,970 - INFO - Scored 164,313 predictions
2025-11-14 00:46:33,970 - INFO - Prediction stats:
2025-11-14 00:46:33,970 - INFO -   Min prob: 0.001389
2025-11-14 00:46:33,970 - INFO -   Max prob: 0.983512
2025-11-14 00:46:33,970 - INFO -   Mean prob: 0.061274
2025-11-14 00:46:33,971 - INFO -   Median prob: 0.016881
2025-11-14 00:46:33,971 - INFO - ======================================================================
2025-11-14 00:46:33,971 - INFO -   STEP 6: GENERATE KAGGLE SUBMISSION
2025-11-14 00:46:33,971 - INFO - ======================================================================
2025-11-14 00:46:33,971 - INFO - Generating Kaggle submission...
2025-11-14 00:46:33,971 - INFO - Cutoff: 11,000 envíos
2025-11-14 00:46:33,985 - INFO - Submission file: output/kaggle/KAzlgbm_test_2_zlgbm_11000.csv
2025-11-14 00:46:33,985 - INFO - ======================================================================
2025-11-14 00:46:33,985 - INFO -   STEP 7: SYNC TO BUCKET
2025-11-14 00:46:33,985 - INFO - ======================================================================
2025-11-14 00:46:33,985 - INFO - Syncing outputs to bucket...
2025-11-14 00:46:33,985 - INFO - ======================================================================
2025-11-14 00:46:33,985 - INFO - SYNCING TO BUCKET
2025-11-14 00:46:33,985 - INFO - ======================================================================
2025-11-14 00:46:34,134 - WARNING - Could not copy to bucket: [Errno 13] Permission denied: '/home/rstevenmartins/buckets/b1/zlgbm_test_2_zlgbm'
2025-11-14 00:46:34,134 - INFO - ======================================================================
2025-11-14 00:46:34,134 - INFO - BUCKET SYNC COMPLETE
2025-11-14 00:46:34,134 - INFO - ======================================================================
2025-11-14 00:46:34,134 - INFO - Bucket sync complete
2025-11-14 00:46:34,134 - INFO - ======================================================================
2025-11-14 00:46:34,134 - INFO -   zLightGBM WORKFLOW COMPLETED SUCCESSFULLY
2025-11-14 00:46:34,134 - INFO - ======================================================================
2025-11-14 00:46:34,134 - INFO - Total execution time: 00h 00m 25s
2025-11-14 00:46:34,134 - INFO - Experiment: zlgbm_test_2_zlgbm
2025-11-14 00:46:34,134 - INFO - All output files saved successfully
2025-11-14 00:46:34,134 - INFO - ======================================================================
2025-11-14 00:46:34,135 - INFO - zLightGBM WORKFLOW COMPLETED SUCCESSFULLY
2025-11-14 00:46:34,135 - INFO - ======================================================================
