2025-11-10 16:31:43,325 - INFO - Log file: logs/run_20251110_163143.log
2025-11-10 16:31:43,325 - INFO - ======================================================================
2025-11-10 16:31:43,325 - INFO -   LIGHTGBM WORKFLOW - 2025-11-10 16:31:43
2025-11-10 16:31:43,326 - INFO - ======================================================================
2025-11-10 16:31:43,326 - INFO - Experiment: sin_pandemia_conparamsexp2
2025-11-10 16:31:43,326 - INFO - Seed: 102191
2025-11-10 16:31:43,326 - INFO - Loading final dataset from parquet file
2025-11-10 16:37:24,584 - INFO - Loaded final dataset: 4717958 rows, 2028 columns
2025-11-10 16:37:24,584 - INFO - ======================================================================
2025-11-10 16:37:24,584 - INFO -   STEP 5: PREPARE TRAINING DATA
2025-11-10 16:37:24,584 - INFO - ======================================================================
2025-11-10 16:37:24,584 - INFO - Total features: 2025
2025-11-10 16:37:24,584 - INFO - Preparing training data...
2025-11-10 16:37:30,958 - INFO - Training samples: 146756
2025-11-10 16:37:30,958 - INFO - ======================================================================
2025-11-10 16:37:30,958 - INFO -   STEP 6: SKIPPING BAYESIAN OPTIMIZATION
2025-11-10 16:37:30,958 - INFO - ======================================================================
2025-11-10 16:37:30,958 - INFO - Using hyperparameters: {'num_iterations': 1491, 'learning_rate': 0.032888026616230304, 'feature_fraction': 0.2272840312390512, 'min_data_in_leaf': 3, 'num_leaves': 680}
2025-11-10 16:37:30,958 - INFO - Skipping validation ensemble (no Optuna split available)
2025-11-10 16:37:30,958 - INFO - ======================================================================
2025-11-10 16:37:30,958 - INFO -   STEP 8: TRAIN FINAL ENSEMBLE
2025-11-10 16:37:30,958 - INFO - ======================================================================
2025-11-10 16:37:30,958 - INFO - Training final ensemble models...
2025-11-10 18:26:09,050 - INFO - Final models trained successfully
2025-11-10 18:26:09,066 - INFO - ======================================================================
2025-11-10 18:26:09,066 - INFO -   STEP 9: SCORE FUTURE DATA
2025-11-10 18:26:09,066 - INFO - ======================================================================
2025-11-10 18:26:09,066 - INFO - Scoring future data...
2025-11-10 18:28:17,190 - INFO - Scored 164313 predictions
2025-11-10 18:28:17,190 - INFO - ======================================================================
2025-11-10 18:28:17,190 - INFO -   STEP 10: GENERATE KAGGLE SUBMISSION
2025-11-10 18:28:17,190 - INFO - ======================================================================
2025-11-10 18:28:17,190 - INFO - Generating Kaggle submission...
2025-11-10 18:28:17,575 - INFO - Submission file: kaggle/KAsin_pandemia_conparamsexp2_11000.csv
2025-11-10 18:28:17,575 - INFO - ======================================================================
2025-11-10 18:28:17,575 - INFO -   STEP 11: GAIN CURVE ANALYSIS
2025-11-10 18:28:17,575 - INFO - ======================================================================
2025-11-10 18:28:17,575 - INFO - Creating gain curve analysis...
2025-11-10 18:28:21,029 - INFO - Gain curve analysis complete
2025-11-10 18:28:21,029 - INFO - Creating ensemble gain curve...
2025-11-10 18:28:23,305 - INFO - Ensemble gain curve complete
2025-11-10 18:28:23,305 - INFO - ======================================================================
2025-11-10 18:28:23,305 - INFO -   WORKFLOW COMPLETED SUCCESSFULLY
2025-11-10 18:28:23,305 - INFO - ======================================================================
2025-11-10 18:28:23,305 - INFO - Total execution time: 01h 56m 39s
2025-11-10 18:28:23,305 - INFO - Experiment: sin_pandemia_conparamsexp2
2025-11-10 18:28:23,305 - INFO - All output files saved successfully
2025-11-10 18:28:23,305 - INFO - ======================================================================
2025-11-10 18:28:23,305 - INFO - WORKFLOW COMPLETED SUCCESSFULLY
2025-11-10 18:28:23,305 - INFO - ======================================================================
