2025-11-17 00:33:44,528 - INFO - Log file: logs/run_zlgbm_20251117_003344.log
2025-11-17 00:33:44,528 - INFO - ZLIGHTGBM WORKFLOW - 2025-11-17 00:33:44
2025-11-17 00:33:44,528 - INFO - ======================================================================
2025-11-17 00:33:44,528 - INFO - EXPERIMENT CONFIGURATION
2025-11-17 00:33:44,528 - INFO - ======================================================================
2025-11-17 00:33:44,528 - INFO - Experiment: comp2_entrega4_test202106_under0.05_zero_zlgbm
2025-11-17 00:33:44,528 - INFO - Seed: 123479
2025-11-17 00:33:44,528 - INFO - Training months: [201901, 201902, 201903, 201904, 201906, 201907, 201908, 201909, 201911, 201912, 202001, 202002, 202003, 202004, 202005, 202007, 202008, 202009, 202010, 202011, 202012, 202101, 202102, 202103, 202104]
2025-11-17 00:33:44,528 - INFO - Future months: [202106]
2025-11-17 00:33:44,528 - INFO - Undersampling: 0.05
2025-11-17 00:33:44,528 - INFO - Ensemble models: 1
2025-11-17 00:33:44,528 - INFO - Canaries: 5
2025-11-17 00:33:44,528 - INFO - gradient_bound: 0.1
2025-11-17 00:33:44,528 - INFO - learning_rate: 1.0
2025-11-17 00:33:44,528 - INFO - feature_fraction: 0.5
2025-11-17 00:33:44,529 - INFO - min_data_in_leaf: 20
2025-11-17 00:33:44,529 - INFO - max_bin: 31
2025-11-17 00:33:44,529 - INFO - num_iterations: 9999
2025-11-17 00:33:44,529 - INFO - num_leaves: 999
2025-11-17 00:33:44,529 - INFO - ======================================================================
2025-11-17 00:33:44,633 - INFO - Bucket: /home/rstevenmartins/buckets/b1/exp
2025-11-17 00:33:44,633 - INFO - Loading preprocessed data
2025-11-17 00:33:53,343 - INFO - Loaded: 4,301,644 rows, 2,750 columns
2025-11-17 00:34:03,558 - INFO - Replacing 24 100% zero columns with nulls:
2025-11-17 00:34:03,558 - INFO -   - cseguro_vivienda_es_outlier
2025-11-17 00:34:03,558 - INFO -   - ccajas_depositos_es_outlier
2025-11-17 00:34:03,558 - INFO -   - cinversion1_es_outlier
2025-11-17 00:34:03,558 - INFO -   - Master_delinquency_es_outlier
2025-11-17 00:34:03,559 - INFO -   - ccajas_extracciones_es_outlier
2025-11-17 00:34:03,559 - INFO -   - cforex_buy_es_outlier
2025-11-17 00:34:03,559 - INFO -   - ctarjeta_visa_es_outlier
2025-11-17 00:34:03,559 - INFO -   - Master_Finiciomora_es_outlier
2025-11-17 00:34:03,559 - INFO -   - cseguro_accidentes_personales_es_outlier
2025-11-17 00:34:03,559 - INFO -   - cliente_vip_es_outlier
2025-11-17 00:34:03,559 - INFO -   - cseguro_vivienda_outliers_recientes
2025-11-17 00:34:03,559 - INFO -   - ccajas_depositos_outliers_recientes
2025-11-17 00:34:03,559 - INFO -   - cinversion1_outliers_recientes
2025-11-17 00:34:03,559 - INFO -   - Master_delinquency_outliers_recientes
2025-11-17 00:34:03,559 - INFO -   - ccajas_extracciones_outliers_recientes
2025-11-17 00:34:03,559 - INFO -   - cforex_buy_outliers_recientes
2025-11-17 00:34:03,559 - INFO -   - ctarjeta_visa_outliers_recientes
2025-11-17 00:34:03,559 - INFO -   - Master_Finiciomora_outliers_recientes
2025-11-17 00:34:03,559 - INFO -   - cseguro_accidentes_personales_outliers_recientes
2025-11-17 00:34:03,559 - INFO -   - cliente_vip_outliers_recientes
2025-11-17 00:34:03,559 - INFO -   - cambio_ccaja_ahorro
2025-11-17 00:34:03,559 - INFO -   - cambio_ccuenta_corriente
2025-11-17 00:34:03,559 - INFO -   - cambios_ccaja_ahorro_6m
2025-11-17 00:34:03,559 - INFO -   - cambios_ccuenta_corriente_6m
2025-11-17 00:34:03,732 - INFO - Adding canary features
2025-11-17 00:34:03,732 - INFO - Adding 5 canary features
2025-11-17 00:34:04,031 - INFO - Added 5 canaries at the beginning of DataFrame
2025-11-17 00:34:04,031 - INFO - New dataset shape: (4301644, 2755)
2025-11-17 00:34:04,031 - INFO - Preparing feature list
2025-11-17 00:34:04,032 - INFO - Total features: 2,752
2025-11-17 00:34:04,032 - INFO - Canaries: 5
2025-11-17 00:34:04,032 - INFO - Real features: 2,747
2025-11-17 00:34:04,032 - INFO - Canaries verified at the beginning of feature list
2025-11-17 00:34:04,032 - INFO - Training zLightGBM model
2025-11-17 00:34:04,032 - INFO - Training 1 model(s)
2025-11-17 00:34:04,033 - INFO - Undersampling: 0.05
2025-11-17 00:34:04,033 - INFO - Canaries: 5
2025-11-17 00:34:04,878 - INFO - Seeds: [123479]
2025-11-17 00:34:04,878 - INFO - Training model 1/1 (seed 123479)
2025-11-17 00:34:10,582 - INFO - Samples: 212,515, Features: 2,752, Positives: 31,455 (14.80%)
2025-11-17 00:34:10,585 - INFO - Month weighting: equal
2025-11-17 00:34:10,615 - INFO - Month weights saved to output/comp2_entrega4_test202106_under0.05_zero_zlgbm/month_weights.txt
2025-11-17 01:03:55,526 - INFO - Model 1/1 trained: 1360 trees
2025-11-17 01:03:55,819 - INFO - Model saved: 109.18 MB
2025-11-17 01:03:55,829 - INFO - Feature importance saved: 2752 features
2025-11-17 01:03:55,830 - INFO - Canaries have ZERO importance
2025-11-17 01:03:56,022 - INFO - Training completed: 1 model(s) saved to output/comp2_entrega4_test202106_under0.05_zero_zlgbm
2025-11-17 01:03:56,324 - INFO - Scoring future data
2025-11-17 01:03:56,395 - INFO - Future data: 164,313 records from [202106]
2025-11-17 01:03:56,395 - INFO - Loading 1 model(s)
2025-11-17 01:04:02,535 - INFO - Model 1/1: min=0.000000, max=1.000000
2025-11-17 01:04:02,651 - INFO - Predictions saved to output/comp2_entrega4_test202106_under0.05_zero_zlgbm/prediccion.txt
2025-11-17 01:04:02,653 - INFO - Scored 164,313 predictions
2025-11-17 01:04:02,653 - INFO - Min: 0.000000, Max: 1.000000, Mean: 0.036668
2025-11-17 01:04:02,653 - INFO - Generating Kaggle submission
2025-11-17 01:04:02,667 - INFO - Submission: 11,000 positives, cutoff prob=0.016294
2025-11-17 01:04:02,667 - INFO - Submission: output/kaggle/KAcomp2_entrega4_test202106_under0.05_zero_zlgbm_11000.csv
2025-11-17 01:04:02,667 - INFO - Syncing to bucket
2025-11-17 01:04:02,667 - INFO - ======================================================================
2025-11-17 01:04:02,667 - INFO - SYNCING TO BUCKET
2025-11-17 01:04:02,667 - INFO - ======================================================================
2025-11-17 01:04:07,780 - INFO - ✓ Copied to bucket: output/comp2_entrega4_test202106_under0.05_zero_zlgbm → /home/rstevenmartins/buckets/b1/exp/comp2_entrega4_test202106_under0.05_zero_zlgbm
2025-11-17 01:04:07,780 - INFO - ======================================================================
2025-11-17 01:04:07,780 - INFO - BUCKET SYNC COMPLETE
2025-11-17 01:04:07,780 - INFO - ======================================================================
2025-11-17 01:04:07,780 - INFO - WORKFLOW COMPLETED - 00h 30m 23s
2025-11-17 01:04:07,780 - INFO - Experiment: comp2_entrega4_test202106_under0.05_zero_zlgbm
2025-11-17 01:04:07,780 - INFO - Output: output/comp2_entrega4_test202106_under0.05_zero_zlgbm/
