2025-11-14 11:18:34,910 - INFO - Log file: logs/run_zlgbm_20251114_111834.log
2025-11-14 11:18:34,910 - INFO - ======================================================================
2025-11-14 11:18:34,910 - INFO -   zLightGBM WORKFLOW - 2025-11-14 11:18:34
2025-11-14 11:18:34,910 - INFO - ======================================================================
2025-11-14 11:18:34,910 - INFO - ======================================================================
2025-11-14 11:18:34,910 - INFO - EXPERIMENT CONFIGURATION
2025-11-14 11:18:34,910 - INFO - ======================================================================
2025-11-14 11:18:34,910 - INFO - Experiment: model_until_202012_p202106_zlgbm
2025-11-14 11:18:34,910 - INFO - Seed: 123479
2025-11-14 11:18:34,910 - INFO - Mode: zLightGBM (no Bayesian Optimization)
2025-11-14 11:18:34,910 - INFO - 
2025-11-14 11:18:34,910 - INFO - Training Strategy:
2025-11-14 11:18:34,910 - INFO -   Training months: [201901, 201902, 201903, 201904, 201905, 201906, 201907, 201908, 201909, 201910, 201911, 201912, 202001, 202002, 202003, 202004, 202005, 202006, 202007, 202008, 202009, 202010, 202011, 202012]
2025-11-14 11:18:34,910 - INFO -   Future months: [202106]
2025-11-14 11:18:34,910 - INFO -   Undersampling: 0.1 (10%)
2025-11-14 11:18:34,910 - INFO -   Models in ensemble: 1
2025-11-14 11:18:34,910 - INFO - 
2025-11-14 11:18:34,910 - INFO - zLightGBM Parameters:
2025-11-14 11:18:34,910 - INFO -   Canaries: 5
2025-11-14 11:18:34,910 - INFO -   gradient_bound: 0.1
2025-11-14 11:18:34,910 - INFO -   learning_rate: 1.0
2025-11-14 11:18:34,910 - INFO -   feature_fraction: 0.5
2025-11-14 11:18:34,910 - INFO -   min_data_in_leaf: 20
2025-11-14 11:18:34,910 - INFO -   max_bin: 31
2025-11-14 11:18:34,910 - INFO -   num_iterations (max): 9999
2025-11-14 11:18:34,910 - INFO -   num_leaves (max): 999
2025-11-14 11:18:34,910 - INFO - ======================================================================
2025-11-14 11:18:34,910 - INFO - Bucket: Disabled
2025-11-14 11:18:34,910 - INFO - ======================================================================
2025-11-14 11:18:34,911 - INFO -   STEP 1: LOAD PREPROCESSED DATA
2025-11-14 11:18:34,911 - INFO - ======================================================================
2025-11-14 11:19:28,037 - INFO - Loaded data: 4,717,958 rows, 2,028 columns
2025-11-14 11:19:28,037 - INFO - Columns: 2028
2025-11-14 11:19:28,295 - INFO - Month distribution:
2025-11-14 11:19:28,296 - INFO -   201901: 124,273 records
2025-11-14 11:19:28,296 - INFO -   201902: 125,401 records
2025-11-14 11:19:28,296 - INFO -   201903: 125,967 records
2025-11-14 11:19:28,296 - INFO -   201904: 126,538 records
2025-11-14 11:19:28,296 - INFO -   201905: 127,202 records
2025-11-14 11:19:28,296 - INFO -   201906: 128,734 records
2025-11-14 11:19:28,296 - INFO -   201907: 130,268 records
2025-11-14 11:19:28,296 - INFO -   201908: 132,143 records
2025-11-14 11:19:28,296 - INFO -   201909: 133,757 records
2025-11-14 11:19:28,296 - INFO -   201910: 136,010 records
2025-11-14 11:19:28,296 - INFO -   201911: 137,996 records
2025-11-14 11:19:28,296 - INFO -   201912: 139,980 records
2025-11-14 11:19:28,296 - INFO -   202001: 143,464 records
2025-11-14 11:19:28,296 - INFO -   202002: 146,660 records
2025-11-14 11:19:28,296 - INFO -   202003: 148,798 records
2025-11-14 11:19:28,296 - INFO -   202004: 149,350 records
2025-11-14 11:19:28,296 - INFO -   202005: 150,792 records
2025-11-14 11:19:28,296 - INFO -   202006: 153,102 records
2025-11-14 11:19:28,296 - INFO -   202007: 154,984 records
2025-11-14 11:19:28,296 - INFO -   202008: 156,461 records
2025-11-14 11:19:28,296 - INFO -   202009: 157,805 records
2025-11-14 11:19:28,296 - INFO -   202010: 159,169 records
2025-11-14 11:19:28,296 - INFO -   202011: 160,250 records
2025-11-14 11:19:28,296 - INFO -   202012: 160,997 records
2025-11-14 11:19:28,296 - INFO -   202101: 161,527 records
2025-11-14 11:19:28,296 - INFO -   202102: 162,155 records
2025-11-14 11:19:28,296 - INFO -   202103: 163,109 records
2025-11-14 11:19:28,296 - INFO -   202104: 163,418 records
2025-11-14 11:19:28,296 - INFO -   202105: 163,917 records
2025-11-14 11:19:28,296 - INFO -   202106: 164,313 records
2025-11-14 11:19:28,296 - INFO -   202107: 164,596 records
2025-11-14 11:19:28,296 - INFO -   202108: 164,822 records
2025-11-14 11:19:28,296 - INFO - ======================================================================
2025-11-14 11:19:28,296 - INFO -   STEP 2: ADD CANARY FEATURES
2025-11-14 11:19:28,297 - INFO - ======================================================================
2025-11-14 11:19:28,502 - INFO - Added 5 canaries
2025-11-14 11:19:28,502 - INFO - ======================================================================
2025-11-14 11:19:28,503 - INFO -   STEP 3: PREPARE FEATURES
2025-11-14 11:19:28,503 - INFO - ======================================================================
2025-11-14 11:19:28,503 - INFO - Total features: 2,030
2025-11-14 11:19:28,503 - INFO -   Canaries: 5
2025-11-14 11:19:28,503 - INFO -   Real features: 2,025
2025-11-14 11:19:28,503 - INFO -   First 5 features: ['canarito_1', 'canarito_2', 'canarito_3', 'canarito_4', 'canarito_5']
2025-11-14 11:19:28,503 - INFO -   Last 5 features: ['rf_015_015', 'rf_018_000', 'rf_018_005', 'rf_010_004', 'rf_018_004']
2025-11-14 11:19:28,503 - INFO - ======================================================================
2025-11-14 11:19:28,503 - INFO -   STEP 4: TRAIN zLightGBM MODEL
2025-11-14 11:19:28,503 - INFO - ======================================================================
2025-11-14 11:19:28,503 - INFO - Training zLightGBM model...
2025-11-14 11:19:28,503 - INFO - Training months: [201901, 201902, 201903, 201904, 201905, 201906, 201907, 201908, 201909, 201910, 201911, 201912, 202001, 202002, 202003, 202004, 202005, 202006, 202007, 202008, 202009, 202010, 202011, 202012]
2025-11-14 11:19:28,503 - INFO - Undersampling: 0.1
