2025-11-16 07:28:19,618 - INFO - Log file: logs/run_20251116_072819.log
2025-11-16 07:28:19,619 - INFO - ======================================================================
2025-11-16 07:28:19,619 - INFO -   LIGHTGBM WORKFLOW - 2025-11-16 07:28:19
2025-11-16 07:28:19,619 - INFO - ======================================================================
2025-11-16 07:28:19,619 - INFO - Experiment: experimento_allfeatures_p_202106
2025-11-16 07:28:19,619 - INFO - Seed: 123479
2025-11-16 07:28:19,619 - INFO - Loading final dataset from parquet file
2025-11-16 07:28:29,241 - INFO - Loaded final dataset: 4717958 rows, 2750 columns
2025-11-16 07:28:29,241 - INFO - ======================================================================
2025-11-16 07:28:29,241 - INFO -   STEP 5: PREPARE TRAINING DATA
2025-11-16 07:28:29,241 - INFO - ======================================================================
2025-11-16 07:28:29,242 - INFO - Total features: 2747
2025-11-16 07:28:29,242 - INFO - Preparing training data...
2025-11-16 07:28:39,856 - INFO - Training samples: 216560
2025-11-16 07:28:39,856 - INFO - ======================================================================
2025-11-16 07:28:39,856 - INFO -   STEP 6: BAYESIAN OPTIMIZATION WITH OPTUNA
2025-11-16 07:28:39,856 - INFO - ======================================================================
2025-11-16 07:28:39,856 - INFO - Starting Bayesian optimization...
2025-11-16 15:13:14,550 - INFO - Best parameters found: {'num_iterations': 341, 'learning_rate': 0.17119485194933592, 'feature_fraction': 0.7550438084572803, 'min_data_in_leaf': 54, 'num_leaves': 715}
2025-11-16 15:13:14,550 - INFO - ======================================================================
2025-11-16 15:13:14,550 - INFO -   STEP 7: VALIDATION ENSEMBLE & GAIN ANALYSIS
2025-11-16 15:13:14,551 - INFO - ======================================================================
2025-11-16 15:13:14,551 - INFO - Training validation ensemble (Optuna split)...
2025-11-16 17:34:07,843 - INFO - Validation ensemble trained
2025-11-16 17:34:07,881 - INFO - Creating validation gain curve...
2025-11-16 17:34:18,411 - INFO - Validation gain analysis complete
2025-11-16 17:34:18,414 - INFO - ======================================================================
2025-11-16 17:34:18,414 - INFO -   STEP 8: TRAIN FINAL ENSEMBLE
2025-11-16 17:34:18,414 - INFO - ======================================================================
2025-11-16 17:34:18,414 - INFO - Training final ensemble models...
