2025-11-16 05:10:00,941 - INFO - Log file: logs/run_zlgbm_20251116_051000.log
2025-11-16 05:10:00,941 - INFO - ======================================================================
2025-11-16 05:10:00,941 - INFO -   zLightGBM WORKFLOW - 2025-11-16 05:10:00
2025-11-16 05:10:00,941 - INFO - ======================================================================
2025-11-16 05:10:00,941 - INFO - ======================================================================
2025-11-16 05:10:00,941 - INFO - EXPERIMENT CONFIGURATION
2025-11-16 05:10:00,941 - INFO - ======================================================================
2025-11-16 05:10:00,941 - INFO - Experiment: experimento_colab_exponential_202106_feat_imp_zlgbm
2025-11-16 05:10:00,941 - INFO - Seed: 123479
2025-11-16 05:10:00,941 - INFO - Mode: zLightGBM (no Bayesian Optimization)
2025-11-16 05:10:00,941 - INFO - 
2025-11-16 05:10:00,941 - INFO - Training Strategy:
2025-11-16 05:10:00,941 - INFO -   Training months: [201901, 201902, 201903, 201904, 201905, 201906, 201907, 201908, 201909, 201910, 201911, 201912, 202001, 202002, 202003, 202004, 202005, 202006, 202007, 202008, 202009, 202010, 202011, 202012, 202101, 202102, 202103, 202104]
2025-11-16 05:10:00,941 - INFO -   Future months: [202106]
2025-11-16 05:10:00,941 - INFO -   Undersampling: 0.1 (10%)
2025-11-16 05:10:00,941 - INFO -   Models in ensemble: 1
2025-11-16 05:10:00,941 - INFO - 
2025-11-16 05:10:00,941 - INFO - zLightGBM Parameters:
2025-11-16 05:10:00,941 - INFO -   Canaries: 5
2025-11-16 05:10:00,941 - INFO -   gradient_bound: 0.1
2025-11-16 05:10:00,941 - INFO -   learning_rate: 1.0
2025-11-16 05:10:00,941 - INFO -   feature_fraction: 0.5
2025-11-16 05:10:00,941 - INFO -   min_data_in_leaf: 20
2025-11-16 05:10:00,941 - INFO -   max_bin: 31
2025-11-16 05:10:00,942 - INFO -   num_iterations (max): 9999
2025-11-16 05:10:00,942 - INFO -   num_leaves (max): 999
2025-11-16 05:10:00,942 - INFO - ======================================================================
2025-11-16 05:10:01,116 - INFO - 
2025-11-16 05:10:01,116 - INFO - Bucket Configuration:
2025-11-16 05:10:01,116 - INFO -   Enabled: Yes
2025-11-16 05:10:01,116 - INFO -   Path: /home/rstevenmartins/buckets/b1/exp
2025-11-16 05:10:01,117 - INFO -   Exists: True
2025-11-16 05:10:01,117 - INFO - ======================================================================
2025-11-16 05:10:01,117 - INFO -   STEP 1: LOAD PREPROCESSED DATA
2025-11-16 05:10:01,117 - INFO - ======================================================================
2025-11-16 05:10:04,086 - INFO - Loaded data: 4,717,958 rows, 768 columns
2025-11-16 05:10:04,086 - INFO - Columns: 768
2025-11-16 05:10:04,152 - INFO - Month distribution:
2025-11-16 05:10:04,152 - INFO -   201901: 124,273 records
2025-11-16 05:10:04,152 - INFO -   201902: 125,401 records
2025-11-16 05:10:04,152 - INFO -   201903: 125,967 records
2025-11-16 05:10:04,152 - INFO -   201904: 126,538 records
2025-11-16 05:10:04,152 - INFO -   201905: 127,202 records
2025-11-16 05:10:04,152 - INFO -   201906: 128,734 records
2025-11-16 05:10:04,152 - INFO -   201907: 130,268 records
2025-11-16 05:10:04,152 - INFO -   201908: 132,143 records
2025-11-16 05:10:04,152 - INFO -   201909: 133,757 records
2025-11-16 05:10:04,152 - INFO -   201910: 136,010 records
2025-11-16 05:10:04,152 - INFO -   201911: 137,996 records
2025-11-16 05:10:04,152 - INFO -   201912: 139,980 records
2025-11-16 05:10:04,152 - INFO -   202001: 143,464 records
2025-11-16 05:10:04,152 - INFO -   202002: 146,660 records
2025-11-16 05:10:04,152 - INFO -   202003: 148,798 records
2025-11-16 05:10:04,152 - INFO -   202004: 149,350 records
2025-11-16 05:10:04,152 - INFO -   202005: 150,792 records
2025-11-16 05:10:04,152 - INFO -   202006: 153,102 records
2025-11-16 05:10:04,152 - INFO -   202007: 154,984 records
2025-11-16 05:10:04,152 - INFO -   202008: 156,461 records
2025-11-16 05:10:04,152 - INFO -   202009: 157,805 records
2025-11-16 05:10:04,152 - INFO -   202010: 159,169 records
2025-11-16 05:10:04,152 - INFO -   202011: 160,250 records
2025-11-16 05:10:04,152 - INFO -   202012: 160,997 records
2025-11-16 05:10:04,153 - INFO -   202101: 161,527 records
2025-11-16 05:10:04,153 - INFO -   202102: 162,155 records
2025-11-16 05:10:04,153 - INFO -   202103: 163,109 records
2025-11-16 05:10:04,153 - INFO -   202104: 163,418 records
2025-11-16 05:10:04,153 - INFO -   202105: 163,917 records
2025-11-16 05:10:04,153 - INFO -   202106: 164,313 records
2025-11-16 05:10:04,153 - INFO -   202107: 164,596 records
2025-11-16 05:10:04,153 - INFO -   202108: 164,822 records
2025-11-16 05:10:04,153 - INFO - ======================================================================
2025-11-16 05:10:04,153 - INFO -   STEP 2: ADD CANARY FEATURES
2025-11-16 05:10:04,153 - INFO - ======================================================================
2025-11-16 05:10:04,352 - INFO - Added 5 canaries
2025-11-16 05:10:04,352 - INFO - ======================================================================
2025-11-16 05:10:04,352 - INFO -   STEP 3: PREPARE FEATURES
2025-11-16 05:10:04,352 - INFO - ======================================================================
2025-11-16 05:10:04,352 - INFO - Total features: 770
2025-11-16 05:10:04,352 - INFO -   Canaries: 5
2025-11-16 05:10:04,352 - INFO -   Real features: 765
2025-11-16 05:10:04,352 - INFO -   First 5 features: ['canarito_1', 'canarito_2', 'canarito_3', 'canarito_4', 'canarito_5']
2025-11-16 05:10:04,352 - INFO -   Last 5 features: ['kmes_delta2', 'ctrx_quarter_normalizado_delta1', 'ctrx_quarter_normalizado_delta2', 'mpayroll_sobre_edad_delta1', 'mpayroll_sobre_edad_delta2']
2025-11-16 05:10:04,353 - INFO - ======================================================================
2025-11-16 05:10:04,353 - INFO -   STEP 4: TRAIN zLightGBM MODEL
2025-11-16 05:10:04,353 - INFO - ======================================================================
2025-11-16 05:10:04,353 - INFO - Training zLightGBM model...
2025-11-16 05:10:04,353 - INFO - Training months: [201901, 201902, 201903, 201904, 201905, 201906, 201907, 201908, 201909, 201910, 201911, 201912, 202001, 202002, 202003, 202004, 202005, 202006, 202007, 202008, 202009, 202010, 202011, 202012, 202101, 202102, 202103, 202104]
2025-11-16 05:10:04,353 - INFO - Undersampling: 0.1
2025-11-16 05:29:14,261 - ERROR - ERROR: CRITICAL ERROR in feature importance analysis: float division by zero
2025-11-16 05:29:14,261 - ERROR - ======================================================================
2025-11-16 05:29:14,262 - ERROR - Full traceback:
2025-11-16 05:29:14,263 - ERROR - Traceback (most recent call last):
  File "/home/rstevenmartins/workflow-jueves-python/src/training_zlgbm.py", line 408, in train_zlgbm_final_model
    print(f"  Ratio (real/canary): {real_df['importance'].mean() / canary_df['importance'].mean():.2f}x")
                                    ~~~~~~~~~~~~~~~~~~~~~~~~~~~~~^~~~~~~~~~~~~~~~~~~~~~~~~~~~~~~~
ZeroDivisionError: float division by zero

The above exception was the direct cause of the following exception:

Traceback (most recent call last):
  File "/home/rstevenmartins/workflow-jueves-python/run_zlgbm.py", line 257, in main
    train_zlgbm_final_model(df, PARAM, campos_buenos)
    ~~~~~~~~~~~~~~~~~~~~~~~^^^^^^^^^^^^^^^^^^^^^^^^^^
  File "/home/rstevenmartins/workflow-jueves-python/src/training_zlgbm.py", line 427, in train_zlgbm_final_model
    raise RuntimeError(error_msg) from e
RuntimeError: CRITICAL ERROR in feature importance analysis: float division by zero

