2025-11-16 03:51:50,019 - INFO - Log file: logs/run_zlgbm_20251116_035150.log
2025-11-16 03:51:50,019 - INFO - ======================================================================
2025-11-16 03:51:50,019 - INFO -   zLightGBM WORKFLOW - 2025-11-16 03:51:50
2025-11-16 03:51:50,020 - INFO - ======================================================================
2025-11-16 03:51:50,020 - INFO - ======================================================================
2025-11-16 03:51:50,020 - INFO - EXPERIMENT CONFIGURATION
2025-11-16 03:51:50,020 - INFO - ======================================================================
2025-11-16 03:51:50,020 - INFO - Experiment: experimento_colab_linear_202106_zlgbm
2025-11-16 03:51:50,020 - INFO - Seed: 123479
2025-11-16 03:51:50,020 - INFO - Mode: zLightGBM (no Bayesian Optimization)
2025-11-16 03:51:50,020 - INFO - 
2025-11-16 03:51:50,020 - INFO - Training Strategy:
2025-11-16 03:51:50,020 - INFO -   Training months: [201901, 201902, 201903, 201904, 201905, 201906, 201907, 201908, 201909, 201910, 201911, 201912, 202001, 202002, 202003, 202004, 202005, 202006, 202007, 202008, 202009, 202010, 202011, 202012, 202101, 202102, 202103, 202104]
2025-11-16 03:51:50,020 - INFO -   Future months: [202106]
2025-11-16 03:51:50,020 - INFO -   Undersampling: 0.1 (10%)
2025-11-16 03:51:50,020 - INFO -   Models in ensemble: 1
2025-11-16 03:51:50,020 - INFO - 
2025-11-16 03:51:50,020 - INFO - zLightGBM Parameters:
2025-11-16 03:51:50,020 - INFO -   Canaries: 5
2025-11-16 03:51:50,020 - INFO -   gradient_bound: 0.1
2025-11-16 03:51:50,020 - INFO -   learning_rate: 1.0
2025-11-16 03:51:50,020 - INFO -   feature_fraction: 0.5
2025-11-16 03:51:50,020 - INFO -   min_data_in_leaf: 20
2025-11-16 03:51:50,020 - INFO -   max_bin: 31
2025-11-16 03:51:50,020 - INFO -   num_iterations (max): 9999
2025-11-16 03:51:50,020 - INFO -   num_leaves (max): 999
2025-11-16 03:51:50,020 - INFO - ======================================================================
2025-11-16 03:51:50,183 - INFO - 
2025-11-16 03:51:50,183 - INFO - Bucket Configuration:
2025-11-16 03:51:50,183 - INFO -   Enabled: Yes
2025-11-16 03:51:50,184 - INFO -   Path: /home/rstevenmartins/buckets/b1/exp
2025-11-16 03:51:50,184 - INFO -   Exists: True
2025-11-16 03:51:50,184 - INFO - ======================================================================
2025-11-16 03:51:50,184 - INFO -   STEP 1: LOAD PREPROCESSED DATA
2025-11-16 03:51:50,184 - INFO - ======================================================================
2025-11-16 03:51:53,183 - INFO - Loaded data: 4,717,958 rows, 768 columns
2025-11-16 03:51:53,183 - INFO - Columns: 768
2025-11-16 03:51:53,250 - INFO - Month distribution:
2025-11-16 03:51:53,250 - INFO -   201901: 124,273 records
2025-11-16 03:51:53,250 - INFO -   201902: 125,401 records
2025-11-16 03:51:53,250 - INFO -   201903: 125,967 records
2025-11-16 03:51:53,250 - INFO -   201904: 126,538 records
2025-11-16 03:51:53,250 - INFO -   201905: 127,202 records
2025-11-16 03:51:53,250 - INFO -   201906: 128,734 records
2025-11-16 03:51:53,250 - INFO -   201907: 130,268 records
2025-11-16 03:51:53,250 - INFO -   201908: 132,143 records
2025-11-16 03:51:53,250 - INFO -   201909: 133,757 records
2025-11-16 03:51:53,250 - INFO -   201910: 136,010 records
2025-11-16 03:51:53,250 - INFO -   201911: 137,996 records
2025-11-16 03:51:53,250 - INFO -   201912: 139,980 records
2025-11-16 03:51:53,250 - INFO -   202001: 143,464 records
2025-11-16 03:51:53,250 - INFO -   202002: 146,660 records
2025-11-16 03:51:53,250 - INFO -   202003: 148,798 records
2025-11-16 03:51:53,250 - INFO -   202004: 149,350 records
2025-11-16 03:51:53,250 - INFO -   202005: 150,792 records
2025-11-16 03:51:53,250 - INFO -   202006: 153,102 records
2025-11-16 03:51:53,251 - INFO -   202007: 154,984 records
2025-11-16 03:51:53,251 - INFO -   202008: 156,461 records
2025-11-16 03:51:53,251 - INFO -   202009: 157,805 records
2025-11-16 03:51:53,251 - INFO -   202010: 159,169 records
2025-11-16 03:51:53,251 - INFO -   202011: 160,250 records
2025-11-16 03:51:53,251 - INFO -   202012: 160,997 records
2025-11-16 03:51:53,251 - INFO -   202101: 161,527 records
2025-11-16 03:51:53,251 - INFO -   202102: 162,155 records
2025-11-16 03:51:53,251 - INFO -   202103: 163,109 records
2025-11-16 03:51:53,251 - INFO -   202104: 163,418 records
2025-11-16 03:51:53,251 - INFO -   202105: 163,917 records
2025-11-16 03:51:53,251 - INFO -   202106: 164,313 records
2025-11-16 03:51:53,251 - INFO -   202107: 164,596 records
2025-11-16 03:51:53,251 - INFO -   202108: 164,822 records
2025-11-16 03:51:53,251 - INFO - ======================================================================
2025-11-16 03:51:53,251 - INFO -   STEP 2: ADD CANARY FEATURES
2025-11-16 03:51:53,251 - INFO - ======================================================================
2025-11-16 03:51:53,455 - INFO - Added 5 canaries
2025-11-16 03:51:53,456 - INFO - ======================================================================
2025-11-16 03:51:53,456 - INFO -   STEP 3: PREPARE FEATURES
2025-11-16 03:51:53,456 - INFO - ======================================================================
2025-11-16 03:51:53,456 - INFO - Total features: 770
2025-11-16 03:51:53,456 - INFO -   Canaries: 5
2025-11-16 03:51:53,456 - INFO -   Real features: 765
2025-11-16 03:51:53,456 - INFO -   First 5 features: ['canarito_1', 'canarito_2', 'canarito_3', 'canarito_4', 'canarito_5']
2025-11-16 03:51:53,456 - INFO -   Last 5 features: ['kmes_delta2', 'ctrx_quarter_normalizado_delta1', 'ctrx_quarter_normalizado_delta2', 'mpayroll_sobre_edad_delta1', 'mpayroll_sobre_edad_delta2']
2025-11-16 03:51:53,456 - INFO - ======================================================================
2025-11-16 03:51:53,456 - INFO -   STEP 4: TRAIN zLightGBM MODEL
2025-11-16 03:51:53,456 - INFO - ======================================================================
2025-11-16 03:51:53,456 - INFO - Training zLightGBM model...
2025-11-16 03:51:53,456 - INFO - Training months: [201901, 201902, 201903, 201904, 201905, 201906, 201907, 201908, 201909, 201910, 201911, 201912, 202001, 202002, 202003, 202004, 202005, 202006, 202007, 202008, 202009, 202010, 202011, 202012, 202101, 202102, 202103, 202104]
2025-11-16 03:51:53,456 - INFO - Undersampling: 0.1
2025-11-16 04:13:04,898 - INFO - Model trained successfully
2025-11-16 04:13:04,899 - INFO - ======================================================================
2025-11-16 04:13:04,899 - INFO -   STEP 5: SCORE FUTURE DATA
2025-11-16 04:13:04,899 - INFO - ======================================================================
2025-11-16 04:13:04,899 - INFO - Scoring future data...
2025-11-16 04:13:04,899 - INFO - Future months: [202106]
2025-11-16 04:13:11,592 - INFO - Scored 164,313 predictions
2025-11-16 04:13:11,592 - INFO - Prediction stats:
2025-11-16 04:13:11,592 - INFO -   Min prob: 0.000000
2025-11-16 04:13:11,593 - INFO -   Max prob: 0.999999
2025-11-16 04:13:11,593 - INFO -   Mean prob: 0.018830
2025-11-16 04:13:11,593 - INFO -   Median prob: 0.000006
2025-11-16 04:13:11,593 - INFO - ======================================================================
2025-11-16 04:13:11,593 - INFO -   STEP 6: GENERATE KAGGLE SUBMISSION
2025-11-16 04:13:11,593 - INFO - ======================================================================
2025-11-16 04:13:11,593 - INFO - Generating Kaggle submission...
2025-11-16 04:13:11,593 - INFO - Cutoff: 11,000 envíos
2025-11-16 04:13:11,649 - INFO - Submission file: output/kaggle/KAexperimento_colab_linear_202106_zlgbm_11000.csv
2025-11-16 04:13:11,649 - INFO - ======================================================================
2025-11-16 04:13:11,649 - INFO -   STEP 7: SYNC TO BUCKET
2025-11-16 04:13:11,649 - INFO - ======================================================================
2025-11-16 04:13:11,649 - INFO - Syncing outputs to bucket...
2025-11-16 04:13:11,649 - INFO - ======================================================================
2025-11-16 04:13:11,649 - INFO - SYNCING TO BUCKET
2025-11-16 04:13:11,649 - INFO - ======================================================================
2025-11-16 04:13:57,948 - INFO - ✓ Copied to bucket: output/experimento_colab_linear_202106_zlgbm → /home/rstevenmartins/buckets/b1/exp/experimento_colab_linear_202106_zlgbm
2025-11-16 04:13:57,948 - INFO - ======================================================================
2025-11-16 04:13:57,948 - INFO - BUCKET SYNC COMPLETE
2025-11-16 04:13:57,948 - INFO - ======================================================================
2025-11-16 04:13:57,948 - INFO - Bucket sync complete
2025-11-16 04:13:57,949 - INFO - ======================================================================
2025-11-16 04:13:57,949 - INFO -   zLightGBM WORKFLOW COMPLETED SUCCESSFULLY
2025-11-16 04:13:57,949 - INFO - ======================================================================
2025-11-16 04:13:57,949 - INFO - Total execution time: 00h 22m 07s
2025-11-16 04:13:57,949 - INFO - Experiment: experimento_colab_linear_202106_zlgbm
2025-11-16 04:13:57,949 - INFO - All output files saved successfully
2025-11-16 04:13:57,949 - INFO - ======================================================================
2025-11-16 04:13:57,949 - INFO - zLightGBM WORKFLOW COMPLETED SUCCESSFULLY
2025-11-16 04:13:57,949 - INFO - ======================================================================
