2025-11-16 21:35:58,240 - INFO - Log file: logs/run_zlgbm_20251116_213558.log
2025-11-16 21:35:58,240 - INFO - ======================================================================
2025-11-16 21:35:58,240 - INFO -   zLightGBM WORKFLOW - 2025-11-16 21:35:58
2025-11-16 21:35:58,240 - INFO - ======================================================================
2025-11-16 21:35:58,240 - INFO - ======================================================================
2025-11-16 21:35:58,240 - INFO - EXPERIMENT CONFIGURATION
2025-11-16 21:35:58,240 - INFO - ======================================================================
2025-11-16 21:35:58,240 - INFO - Experiment: comp2_entrega2_test202106_under0.05_zlgbm
2025-11-16 21:35:58,240 - INFO - Seed: 123479
2025-11-16 21:35:58,240 - INFO - Mode: zLightGBM (no Bayesian Optimization)
2025-11-16 21:35:58,240 - INFO - 
2025-11-16 21:35:58,240 - INFO - Training Strategy:
2025-11-16 21:35:58,240 - INFO -   Training months: [201901, 201902, 201903, 201904, 201906, 201907, 201908, 201909, 201911, 201912, 202001, 202002, 202003, 202004, 202005, 202007, 202008, 202009, 202010, 202011, 202012, 202101, 202102, 202103, 202104]
2025-11-16 21:35:58,240 - INFO -   Future months: [202106]
2025-11-16 21:35:58,240 - INFO -   Undersampling: 0.05 (5%)
2025-11-16 21:35:58,240 - INFO -   Models in ensemble: 1
2025-11-16 21:35:58,241 - INFO - 
2025-11-16 21:35:58,241 - INFO - zLightGBM Parameters:
2025-11-16 21:35:58,241 - INFO -   Canaries: 5
2025-11-16 21:35:58,241 - INFO -   gradient_bound: 0.1
2025-11-16 21:35:58,241 - INFO -   learning_rate: 1.0
2025-11-16 21:35:58,241 - INFO -   feature_fraction: 0.5
2025-11-16 21:35:58,241 - INFO -   min_data_in_leaf: 20
2025-11-16 21:35:58,241 - INFO -   max_bin: 31
2025-11-16 21:35:58,241 - INFO -   num_iterations (max): 9999
2025-11-16 21:35:58,241 - INFO -   num_leaves (max): 999
2025-11-16 21:35:58,241 - INFO - ======================================================================
2025-11-16 21:35:58,306 - INFO - 
2025-11-16 21:35:58,306 - INFO - Bucket Configuration:
2025-11-16 21:35:58,306 - INFO -   Enabled: Yes
2025-11-16 21:35:58,306 - INFO -   Path: /home/rstevenmartins/buckets/b1/exp
2025-11-16 21:35:58,306 - INFO -   Exists: True
2025-11-16 21:35:58,306 - INFO - ======================================================================
2025-11-16 21:35:58,307 - INFO -   STEP 1: LOAD PREPROCESSED DATA
2025-11-16 21:35:58,307 - INFO - ======================================================================
2025-11-16 21:36:07,142 - INFO - Loaded data: 4,301,644 rows, 2,750 columns
2025-11-16 21:36:07,143 - INFO - Columns: 2750
2025-11-16 21:36:07,745 - INFO - Month distribution:
2025-11-16 21:36:07,746 - INFO -   201901: 124,273 records
2025-11-16 21:36:07,746 - INFO -   201902: 125,401 records
2025-11-16 21:36:07,746 - INFO -   201903: 125,967 records
2025-11-16 21:36:07,746 - INFO -   201904: 126,538 records
2025-11-16 21:36:07,746 - INFO -   201906: 128,734 records
2025-11-16 21:36:07,746 - INFO -   201907: 130,268 records
2025-11-16 21:36:07,746 - INFO -   201908: 132,143 records
2025-11-16 21:36:07,746 - INFO -   201909: 133,757 records
2025-11-16 21:36:07,746 - INFO -   201911: 137,996 records
2025-11-16 21:36:07,746 - INFO -   201912: 139,980 records
2025-11-16 21:36:07,746 - INFO -   202001: 143,464 records
2025-11-16 21:36:07,746 - INFO -   202002: 146,660 records
2025-11-16 21:36:07,746 - INFO -   202003: 148,798 records
2025-11-16 21:36:07,746 - INFO -   202004: 149,350 records
2025-11-16 21:36:07,746 - INFO -   202005: 150,792 records
2025-11-16 21:36:07,746 - INFO -   202007: 154,984 records
2025-11-16 21:36:07,746 - INFO -   202008: 156,461 records
2025-11-16 21:36:07,746 - INFO -   202009: 157,805 records
2025-11-16 21:36:07,746 - INFO -   202010: 159,169 records
2025-11-16 21:36:07,746 - INFO -   202011: 160,250 records
2025-11-16 21:36:07,747 - INFO -   202012: 160,997 records
2025-11-16 21:36:07,747 - INFO -   202101: 161,527 records
2025-11-16 21:36:07,747 - INFO -   202102: 162,155 records
2025-11-16 21:36:07,747 - INFO -   202103: 163,109 records
2025-11-16 21:36:07,747 - INFO -   202104: 163,418 records
2025-11-16 21:36:07,747 - INFO -   202105: 163,917 records
2025-11-16 21:36:07,747 - INFO -   202106: 164,313 records
2025-11-16 21:36:07,747 - INFO -   202107: 164,596 records
2025-11-16 21:36:07,747 - INFO -   202108: 164,822 records
2025-11-16 21:36:07,747 - INFO - ======================================================================
2025-11-16 21:36:07,747 - INFO -   STEP 2: ADD CANARY FEATURES
2025-11-16 21:36:07,747 - INFO - ======================================================================
2025-11-16 21:36:08,055 - INFO - Added 5 canaries
2025-11-16 21:36:08,055 - INFO - ======================================================================
2025-11-16 21:36:08,055 - INFO -   STEP 3: PREPARE FEATURES
2025-11-16 21:36:08,055 - INFO - ======================================================================
2025-11-16 21:36:08,056 - INFO - Total features: 2,752
2025-11-16 21:36:08,056 - INFO -   Canaries: 5
2025-11-16 21:36:08,056 - INFO -   Real features: 2,747
2025-11-16 21:36:08,056 - INFO -   First 5 features: ['canarito_1', 'canarito_2', 'canarito_3', 'canarito_4', 'canarito_5']
2025-11-16 21:36:08,056 - INFO -   Last 5 features: ['rf_012_006', 'rf_006_012', 'rf_018_008', 'rf_004_009', 'rf_007_013']
2025-11-16 21:36:08,056 - INFO - ======================================================================
2025-11-16 21:36:08,056 - INFO -   STEP 4: TRAIN zLightGBM MODEL
2025-11-16 21:36:08,057 - INFO - ======================================================================
2025-11-16 21:36:08,057 - INFO - Training zLightGBM model...
2025-11-16 21:36:08,057 - INFO - Training months: [201901, 201902, 201903, 201904, 201906, 201907, 201908, 201909, 201911, 201912, 202001, 202002, 202003, 202004, 202005, 202007, 202008, 202009, 202010, 202011, 202012, 202101, 202102, 202103, 202104]
2025-11-16 21:36:08,057 - INFO - Undersampling: 0.05
2025-11-16 22:07:44,324 - INFO - Model trained successfully
2025-11-16 22:07:44,324 - INFO - ======================================================================
2025-11-16 22:07:44,324 - INFO -   STEP 5: SCORE FUTURE DATA
2025-11-16 22:07:44,324 - INFO - ======================================================================
2025-11-16 22:07:44,325 - INFO - Scoring future data...
2025-11-16 22:07:44,325 - INFO - Future months: [202106]
2025-11-16 22:07:50,258 - INFO - Scored 164,313 predictions
2025-11-16 22:07:50,259 - INFO - Prediction stats:
2025-11-16 22:07:50,259 - INFO -   Min prob: 0.000000
2025-11-16 22:07:50,259 - INFO -   Max prob: 1.000000
2025-11-16 22:07:50,259 - INFO -   Mean prob: 0.036269
2025-11-16 22:07:50,260 - INFO -   Median prob: 0.000000
2025-11-16 22:07:50,260 - INFO - ======================================================================
2025-11-16 22:07:50,260 - INFO -   STEP 6: GENERATE KAGGLE SUBMISSION
2025-11-16 22:07:50,260 - INFO - ======================================================================
2025-11-16 22:07:50,260 - INFO - Generating Kaggle submission...
2025-11-16 22:07:50,260 - INFO - Cutoff: 11,000 envíos
2025-11-16 22:07:50,276 - INFO - Submission file: output/kaggle/KAcomp2_entrega2_test202106_under0.05_zlgbm_11000.csv
2025-11-16 22:07:50,276 - INFO - ======================================================================
2025-11-16 22:07:50,276 - INFO -   STEP 7: SYNC TO BUCKET
2025-11-16 22:07:50,276 - INFO - ======================================================================
2025-11-16 22:07:50,276 - INFO - Syncing outputs to bucket...
2025-11-16 22:07:50,276 - INFO - ======================================================================
2025-11-16 22:07:50,276 - INFO - SYNCING TO BUCKET
2025-11-16 22:07:50,276 - INFO - ======================================================================
2025-11-16 22:07:55,505 - INFO - ✓ Copied to bucket: output/comp2_entrega2_test202106_under0.05_zlgbm → /home/rstevenmartins/buckets/b1/exp/comp2_entrega2_test202106_under0.05_zlgbm
2025-11-16 22:07:55,505 - INFO - ======================================================================
2025-11-16 22:07:55,505 - INFO - BUCKET SYNC COMPLETE
2025-11-16 22:07:55,505 - INFO - ======================================================================
2025-11-16 22:07:55,505 - INFO - Bucket sync complete
2025-11-16 22:07:55,505 - INFO - ======================================================================
2025-11-16 22:07:55,506 - INFO -   zLightGBM WORKFLOW COMPLETED SUCCESSFULLY
2025-11-16 22:07:55,506 - INFO - ======================================================================
2025-11-16 22:07:55,506 - INFO - Total execution time: 00h 31m 57s
2025-11-16 22:07:55,506 - INFO - Experiment: comp2_entrega2_test202106_under0.05_zlgbm
2025-11-16 22:07:55,506 - INFO - All output files saved successfully
2025-11-16 22:07:55,506 - INFO - ======================================================================
2025-11-16 22:07:55,506 - INFO - zLightGBM WORKFLOW COMPLETED SUCCESSFULLY
2025-11-16 22:07:55,506 - INFO - ======================================================================
