2025-11-10 05:06:31,054 - INFO - Log file: logs/run_20251110_050631.log
2025-11-10 05:06:31,054 - INFO - ======================================================================
2025-11-10 05:06:31,054 - INFO -   LIGHTGBM WORKFLOW - 2025-11-10 05:06:31
2025-11-10 05:06:31,054 - INFO - ======================================================================
2025-11-10 05:06:31,055 - INFO - Experiment: semillerio_optuna2_moretrials
2025-11-10 05:06:31,055 - INFO - Seed: 102191
2025-11-10 05:06:31,055 - INFO - Loading final dataset from parquet file
2025-11-10 05:12:24,770 - INFO - Loaded final dataset: 4717958 rows, 2028 columns
2025-11-10 05:12:24,770 - INFO - ======================================================================
2025-11-10 05:12:24,770 - INFO -   STEP 5: PREPARE TRAINING DATA
2025-11-10 05:12:24,770 - INFO - ======================================================================
2025-11-10 05:12:24,770 - INFO - Total features: 2025
2025-11-10 05:12:24,771 - INFO - Preparing training data...
2025-11-10 05:12:31,675 - INFO - Training samples: 215635
2025-11-10 05:12:31,675 - INFO - ======================================================================
2025-11-10 05:12:31,675 - INFO -   STEP 6: BAYESIAN OPTIMIZATION WITH OPTUNA
2025-11-10 05:12:31,675 - INFO - ======================================================================
2025-11-10 05:12:31,675 - INFO - Starting Bayesian optimization...
2025-11-10 11:33:47,746 - INFO - Best parameters found: {'num_iterations': 1491, 'learning_rate': 0.032888026616230304, 'feature_fraction': 0.2272840312390512, 'min_data_in_leaf': 3, 'num_leaves': 680}
2025-11-10 11:33:47,746 - INFO - ======================================================================
2025-11-10 11:33:47,746 - INFO -   STEP 7: VALIDATION ENSEMBLE & GAIN ANALYSIS
2025-11-10 11:33:47,747 - INFO - ======================================================================
2025-11-10 11:33:47,747 - INFO - Training validation ensemble (Optuna split)...
2025-11-10 13:09:27,665 - INFO - Validation ensemble trained
2025-11-10 13:09:27,665 - INFO - Creating validation gain curve...
2025-11-10 13:09:29,762 - INFO - Validation gain analysis complete
2025-11-10 13:09:29,762 - INFO - ======================================================================
2025-11-10 13:09:29,762 - INFO -   STEP 8: TRAIN FINAL ENSEMBLE
2025-11-10 13:09:29,762 - INFO - ======================================================================
2025-11-10 13:09:29,762 - INFO - Training final ensemble models...
2025-11-10 15:26:50,042 - INFO - Final models trained successfully
2025-11-10 15:26:50,105 - INFO - ======================================================================
2025-11-10 15:26:50,105 - INFO -   STEP 9: SCORE FUTURE DATA
2025-11-10 15:26:50,105 - INFO - ======================================================================
2025-11-10 15:26:50,105 - INFO - Scoring future data...
2025-11-10 15:28:51,786 - INFO - Scored 164313 predictions
2025-11-10 15:28:51,786 - INFO - ======================================================================
2025-11-10 15:28:51,786 - INFO -   STEP 10: GENERATE KAGGLE SUBMISSION
2025-11-10 15:28:51,786 - INFO - ======================================================================
2025-11-10 15:28:51,786 - INFO - Generating Kaggle submission...
2025-11-10 15:28:51,963 - INFO - Submission file: kaggle/KAsemillerio_optuna2_moretrials_11000.csv
2025-11-10 15:28:51,963 - INFO - ======================================================================
2025-11-10 15:28:51,963 - INFO -   STEP 11: GAIN CURVE ANALYSIS
2025-11-10 15:28:51,963 - INFO - ======================================================================
2025-11-10 15:28:51,963 - INFO - Creating gain curve analysis...
2025-11-10 15:28:54,328 - INFO - Gain curve analysis complete
2025-11-10 15:28:54,328 - INFO - Creating ensemble gain curve...
2025-11-10 15:28:56,458 - INFO - Ensemble gain curve complete
2025-11-10 15:28:56,458 - INFO - ======================================================================
2025-11-10 15:28:56,458 - INFO -   WORKFLOW COMPLETED SUCCESSFULLY
2025-11-10 15:28:56,458 - INFO - ======================================================================
2025-11-10 15:28:56,458 - INFO - Total execution time: 10h 22m 25s
2025-11-10 15:28:56,458 - INFO - Experiment: semillerio_optuna2_moretrials
2025-11-10 15:28:56,458 - INFO - All output files saved successfully
2025-11-10 15:28:56,458 - INFO - ======================================================================
2025-11-10 15:28:56,458 - INFO - WORKFLOW COMPLETED SUCCESSFULLY
2025-11-10 15:28:56,459 - INFO - ======================================================================
