2025-11-14 11:16:47,942 - INFO - Log file: logs/run_zlgbm_20251114_111647.log
2025-11-14 11:16:47,943 - INFO - ======================================================================
2025-11-14 11:16:47,943 - INFO -   zLightGBM WORKFLOW - 2025-11-14 11:16:47
2025-11-14 11:16:47,943 - INFO - ======================================================================
2025-11-14 11:16:47,943 - INFO - ======================================================================
2025-11-14 11:16:47,943 - INFO - EXPERIMENT CONFIGURATION
2025-11-14 11:16:47,943 - INFO - ======================================================================
2025-11-14 11:16:47,943 - INFO - Experiment: model_until_202012_p202106_zlgbm
2025-11-14 11:16:47,943 - INFO - Seed: 123479
2025-11-14 11:16:47,943 - INFO - Mode: zLightGBM (no Bayesian Optimization)
2025-11-14 11:16:47,943 - INFO - 
2025-11-14 11:16:47,943 - INFO - Training Strategy:
2025-11-14 11:16:47,943 - INFO -   Training months: [201901, 201902, 201903, 201904, 201905, 201906, 201907, 201908, 201909, 201910, 201911, 201912, 202001, 202002, 202003, 202004, 202005, 202006, 202007, 202008, 202009, 202010, 202011, 202012]
2025-11-14 11:16:47,943 - INFO -   Future months: [202102]
2025-11-14 11:16:47,943 - INFO -   Undersampling: 0.1 (10%)
2025-11-14 11:16:47,943 - INFO -   Models in ensemble: 1
2025-11-14 11:16:47,943 - INFO - 
2025-11-14 11:16:47,943 - INFO - zLightGBM Parameters:
2025-11-14 11:16:47,943 - INFO -   Canaries: 5
2025-11-14 11:16:47,943 - INFO -   gradient_bound: 0.1
2025-11-14 11:16:47,943 - INFO -   learning_rate: 1.0
2025-11-14 11:16:47,943 - INFO -   feature_fraction: 0.5
2025-11-14 11:16:47,943 - INFO -   min_data_in_leaf: 20
2025-11-14 11:16:47,943 - INFO -   max_bin: 31
2025-11-14 11:16:47,943 - INFO -   num_iterations (max): 9999
2025-11-14 11:16:47,943 - INFO -   num_leaves (max): 999
2025-11-14 11:16:47,943 - INFO - ======================================================================
2025-11-14 11:16:47,943 - INFO - Bucket: Disabled
2025-11-14 11:16:47,943 - INFO - ======================================================================
2025-11-14 11:16:47,943 - INFO -   STEP 1: LOAD PREPROCESSED DATA
2025-11-14 11:16:47,943 - INFO - ======================================================================
